// Jest Snapshot v1, https://goo.gl/fbAQLP

exports[`Movie List Component Should render correctly when list have items 1`] = `
<ul
  className="movie-list"
>
  <li
    className="movie-list__item"
  >
    <img
      alt="Poster"
      className="movie-list__item__img"
      src="https://images-na.ssl-images-amazon.com/images/M/MV5BMTkyODgwMDMzNV5BMl5BanBnXkFtZTgwMTExOTMyMjE@._V1_SX300.jpg"
    />
    <div
      className="movie-list__item__tittle"
    >
      CSI: Crime Scene Investigation
    </div>
  </li>
  <li
    className="movie-list__item"
  >
    <img
      alt="Poster"
      className="movie-list__item__img"
      src="https://m.media-amazon.com/images/M/MV5BNzc2MzJmM2ItMjgzYy00MjgxLTljYjctZjJhYzM1ODFhMzU0XkEyXkFqcGdeQXVyMTMxODk2OTU@._V1_SX300.jpg"
    />
    <div
      className="movie-list__item__tittle"
    >
      American Crime Story
    </div>
  </li>
</ul>
`;

exports[`Movie List Component Should render correctly when list is empty 1`] = `
<ul
  className="movie-list"
/>
`;
